// Vitest Snapshot v1, https://vitest.dev/guide/snapshot.html

exports[`Blog post actions menu: Snapshot > !isAuthor 1`] = `
<body>
  <div>
    <div
      class="self-center mt-[-12px]"
    >
      <div
        class="dropdown-left dropdown rounded-md"
      >
        <button
          class="hover:scale-125 transition-all"
        >
          <div>
            <svg
              height="24"
              width="24"
              xmlns="http://www.w3.org/2000/svg"
            >
              <path
                d="M12 20q-.825 0-1.412-.587Q10 18.825 10 18q0-.825.588-1.413Q11.175 16 12 16t1.413.587Q14 17.175 14 18q0 .825-.587 1.413Q12.825 20 12 20Zm0-6q-.825 0-1.412-.588Q10 12.825 10 12t.588-1.413Q11.175 10 12 10t1.413.587Q14 11.175 14 12q0 .825-.587 1.412Q12.825 14 12 14Zm0-6q-.825 0-1.412-.588Q10 6.825 10 6t.588-1.412Q11.175 4 12 4t1.413.588Q14 5.175 14 6t-.587 1.412Q12.825 8 12 8Z"
              />
            </svg>
          </div>
        </button>
        <ul
          class="dropdown-content menu rounded-md w-52 bg-white shadow border mt-8 mr-[-16px]"
          tabindex="0"
        >
          <li>
            <div
              data-testid="update-blog-post-button"
            >
              <span>
                Edit
              </span>
            </div>
          </li>
          <li>
            <div
              data-testid="delete-blog-post-button"
            >
              <span>
                Delete
              </span>
            </div>
          </li>
        </ul>
      </div>
    </div>
  </div>
  <div
    class="ReactModalPortal"
  />
  <div
    class="ReactModalPortal"
  />
  <div>
    <div
      class="self-center mt-[-12px]"
    >
      <div
        class="dropdown-left dropdown rounded-md"
      >
        <button
          class="hover:scale-125 transition-all"
        >
          <div>
            <svg
              height="24"
              width="24"
              xmlns="http://www.w3.org/2000/svg"
            >
              <path
                d="M12 20q-.825 0-1.412-.587Q10 18.825 10 18q0-.825.588-1.413Q11.175 16 12 16t1.413.587Q14 17.175 14 18q0 .825-.587 1.413Q12.825 20 12 20Zm0-6q-.825 0-1.412-.588Q10 12.825 10 12t.588-1.413Q11.175 10 12 10t1.413.587Q14 11.175 14 12q0 .825-.587 1.412Q12.825 14 12 14Zm0-6q-.825 0-1.412-.588Q10 6.825 10 6t.588-1.412Q11.175 4 12 4t1.413.588Q14 5.175 14 6t-.587 1.412Q12.825 8 12 8Z"
              />
            </svg>
          </div>
        </button>
        <ul
          class="dropdown-content menu rounded-md w-52 bg-white shadow border mt-8 mr-[-16px]"
          tabindex="0"
        >
          <li>
            <div
              data-testid="delete-blog-post-button"
            >
              <span>
                Delete
              </span>
            </div>
          </li>
        </ul>
      </div>
    </div>
  </div>
  <div
    class="ReactModalPortal"
  />
</body>
`;

exports[`Blog post actions menu: Snapshot > isAuthor 1`] = `
<body>
  <div>
    <div
      class="self-center mt-[-12px]"
    >
      <div
        class="dropdown-left dropdown rounded-md"
      >
        <button
          class="hover:scale-125 transition-all"
        >
          <div>
            <svg
              height="24"
              width="24"
              xmlns="http://www.w3.org/2000/svg"
            >
              <path
                d="M12 20q-.825 0-1.412-.587Q10 18.825 10 18q0-.825.588-1.413Q11.175 16 12 16t1.413.587Q14 17.175 14 18q0 .825-.587 1.413Q12.825 20 12 20Zm0-6q-.825 0-1.412-.588Q10 12.825 10 12t.588-1.413Q11.175 10 12 10t1.413.587Q14 11.175 14 12q0 .825-.587 1.412Q12.825 14 12 14Zm0-6q-.825 0-1.412-.588Q10 6.825 10 6t.588-1.412Q11.175 4 12 4t1.413.588Q14 5.175 14 6t-.587 1.412Q12.825 8 12 8Z"
              />
            </svg>
          </div>
        </button>
        <ul
          class="dropdown-content menu rounded-md w-52 bg-white shadow border mt-8 mr-[-16px]"
          tabindex="0"
        >
          <li>
            <div
              data-testid="update-blog-post-button"
            >
              <span>
                Edit
              </span>
            </div>
          </li>
          <li>
            <div
              data-testid="delete-blog-post-button"
            >
              <span>
                Delete
              </span>
            </div>
          </li>
        </ul>
      </div>
    </div>
  </div>
  <div
    class="ReactModalPortal"
  />
  <div
    class="ReactModalPortal"
  />
</body>
`;
